[amplifiedapparel.com/index.html]
[cdn.shopify.com/s/files/1/0660/4893/t/6/assets/faviconcfcd.png]
[backblue.gif]
[fade.gif]
[index.html]
[cdn.shopify.com/s/files/1/0660/4893/t/6/assets/jquery.fancyboxcfcd.css]
[cdn.shopify.com/s/files/1/0660/4893/t/6/assets/shop.scsscfcd.css]
[cdn.shopify.com/s/files/1/0660/4893/t/6/assets/custom.scsscfcd.css]
[cdn.shopify.com/s/files/1/0660/4893/t/6/assets/pages.scsscfcd.css]
[cdn.shopify.com/s/files/1/0660/4893/t/6/assets/discount-modal.scsscfcd.css]
[cdn.shopify.com/s/files/1/0660/4893/t/6/assets/fontscfcd.css]
[cdn.shopify.com/s/files/1/0660/4893/t/6/assets/font-awesomecfcd.css]
[cdn-images.mailchimp.com/embedcode/horizontal-slim-10_7.css]
[cdn.shopify.com/s/javascripts/tricorder/trekkie.storefront.min97e4.js]
[cdn.shopify.com/s/assets/shop_events_listener-acf771159f9849ef6e5265782c99efe8b99406214c96a4373224ecafe285d7bb.js]
[cdn.shopify.com/s/assets/shopify_pay/storefront-8ddbd55cc19e1ebbff92d676e1481c8e6b42e0c2714d3fdf6b810b1f193347b899c2.js]
[cdn.shopify.com/s/assets/themes_support/ga_urchin_forms-99e991855b3d8ddc69e625c68ab0579dd9927b611c2ec4943d396c72e3af0849.js]
[ajax.googleapis.com/ajax/libs/jquery/1.11.0/jquery.min.js]
[cdn.shopify.com/s/assets/storefront/features-e87392afe29fe307282f4e6aad12cb4bcc2afefd6b7febf0b70edfd315f9684c.js]
[cdn.shopify.com/s/files/1/0660/4893/t/6/assets/jquery.fancyboxcfcd.js]
[cdn.shopify.com/s/files/1/0660/4893/t/6/assets/modernizrcfcd.js]
[cdn.shopify.com/s/files/1/0660/4893/t/6/assets/formscfcd.js]
[cdn.shopify.com/s/files/1/0660/4893/t/6/assets/jquery-1.10.1.mincfcd.js]
[cdn.shopify.com/s/files/1/0660/4893/t/6/assets/instafeedcfcd.js]
[connect.facebook.net/en_US/fbevents.js]
[amplifiedapparel.com/collections/all.html]
[amplifiedapparel.com/collections/all-t-shirts.html]
[cdn.shopify.com/s/assets/storefront/express_buttons-646307822f46ed653e67b5a23f6b2e4a7f38cb3a0df37b067fd9cc5898551c0c.js]
[amplifiedapparel.com/collections/leggings.html]
[amplifiedapparel.com/pages/about-us.html]
[amplifiedapparel.com/pages/contact.html]
[amplifiedapparel.com/blogs/news.html]
[cdn.shopify.com/s/files/1/0660/4893/t/6/assets/logocfcd.png]
[amplifiedapparel.com/account/login.html]
[cdn.shopify.com/s/files/1/0660/4893/t/6/assets/guitar-case-whitecfcd.png]
[amplifiedapparel.com/cart.html]
[cdn.shopify.com/s/files/1/0660/4893/t/6/assets/hero_slide_4cfcd.jpg]
[amplifiedapparel.com/collections/leggings/products/life-is-short-rock-it-leggings.html]
[cdn.shopify.com/s/files/1/0660/4893/products/cut-your-damn-strings-480x480_large4774.jpg]
[amplifiedapparel.com/collections/all-t-shirts/products/cut-your-damn-strings-guitar-t-shirt.html]
[cdn.shopify.com/s/files/1/0660/4893/products/guitar-notes_large2dc7.jpg]
[amplifiedapparel.com/collections/all-t-shirts/products/electric-guitar-notes-t-shirt.html]
[cdn.shopify.com/s/files/1/0660/4893/products/electric-guitar-tree-t-shirt_larged372.jpg]
[amplifiedapparel.com/collections/all-t-shirts/products/electric-guitar-tree-t-shirt.html]
[amplifiedapparel.com/collections/all-t-shirts/products/groupies-wanted.html]
[cdn.shopify.com/s/files/1/0660/4893/products/groupies-wanted-t-shirt_largef40c.jpg]
[amplifiedapparel.com/collections/all-t-shirts/products/guitar-god-t-shirt.html]
[cdn.shopify.com/s/files/1/0660/4893/products/guitar-god-t-shirt_largefbd0.jpg]
[amplifiedapparel.com/collections/all-t-shirts/products/howling-werewolf-electric-guitar-t-shirt.html]
[cdn.shopify.com/s/files/1/0660/4893/products/howling-werewolf_large98ef.jpg]
[cdn.shopify.com/s/files/1/0660/4893/products/i-was-going-to-go-to-work-guitar-t-shirt_large7044.jpg]
[amplifiedapparel.com/collections/all-t-shirts/products/i-was-gonna-go-to-work.html]
[amplifiedapparel.com/collections/all-t-shirts/products/guitar-does-the-talkin-electric-guitar-t-shirt.html]
[cdn.shopify.com/s/files/1/0660/4893/products/guitar-does-the-talkin-t-shirt_large66c8.jpg]
[amplifiedapparel.com/collections/all-t-shirts/products/no-soft-rock-t-shirt.html]
[cdn.shopify.com/s/files/1/0660/4893/products/no-soft-rock-guitar-t-shirt_large07a3.jpg]
[cdn.shopify.com/s/files/1/0660/4893/products/pick-it-pluck-it-strum-it-acoustic-guitar-t-shirt_large348e.jpg]
[amplifiedapparel.com/collections/all-t-shirts/products/pick-it-pluck-it-strum-it-acoustic-guitar-t-shirt.html]
[amplifiedapparel.com/collections/all-t-shirts/products/rock-god-electric-guitar-t-shirt.html]
[cdn.shopify.com/s/files/1/0660/4893/products/rock-god-guitar-t-shirt_large1d74.jpg]
[cdn.shopify.com/s/files/1/0660/4893/products/rock-paper-scissors_large1e46.jpg]
[amplifiedapparel.com/collections/all-t-shirts/products/rock-paper-scissors-t-shirt.html]
[cdn.shopify.com/s/files/1/0660/4893/products/rock-star-eye-chart-guitar-t-shirt_large592c.jpg]
[amplifiedapparel.com/collections/all-t-shirts/products/rock-star-eye-chart-guitar-t-shirt.html]
[cdn.shopify.com/s/files/1/0660/4893/products/vintage-acoustic-guitar-t-shirt_largef38d.jpg]
[amplifiedapparel.com/collections/all-t-shirts/products/vintage-acoustic-guitar-t-shirt.html]
[cdn.shopify.com/s/files/1/0660/4893/products/vintage-electric-guitar-t-shirt_large75fd.jpg]
[amplifiedapparel.com/collections/all-t-shirts/products/vintage-electric-guitar-t-shirt.html]
[cdn.shopify.com/s/files/1/0660/4893/products/where-i-lay-my-guitar-is-home_largeb33c.jpg]
[amplifiedapparel.com/collections/all-t-shirts/products/where-i-lay-my-guitar-is-home-t-shirt.html]
[cdn.shopify.com/s/files/1/0660/4893/products/work-hard-rock-harder-480x480_large4477.png]
[amplifiedapparel.com/collections/all-t-shirts/products/work-hard-rock-harder.html]
[cdn.shopify.com/s/files/1/0660/4893/t/6/assets/sine-waves.mincfcd.js]
[cdn.shopify.com/s/files/1/0660/4893/t/6/assets/waves-popupcfcd.js]
[amplifiedapparel.com/collections.html]
[amplifiedapparel.com/pages/frequently-asked-questions.html]
[amplifiedapparel.com/pages/size-charts.html]
[amplifiedapparel.com/pages/return-policy.html]
[cdn.shopify.com/s/files/1/0660/4893/t/6/assets/utilcfcd.js]
[amplifiedapparel.com/pages/privacy-policy.html]
[cdn.shopify.com/s/files/1/0660/4893/t/6/assets/socialcfcd.js]
[cdn.shopify.com/s/files/1/0660/4893/t/6/assets/product_pagecfcd.js]
[cdn.shopify.com/s/files/1/0660/4893/t/6/assets/referrercfcd.js]
[cdn.shopify.com/s/files/1/0660/4893/t/6/assets/discount-modalcfcd.js]
[cdn.shopify.com/s/files/1/0660/4893/t/6/assets/cookiecfcd.js]
[cdn.shopify.com/s/files/1/0660/4893/t/6/assets/instagram-feedcfcd.js]
[amplifiedapparel.com/index.html]
[cdn.shopify.com/s/files/1/0660/4893/t/6/assets/customcfcd.js]
[cdn.shopify.com/s/files/1/0660/4893/t/6/assets/fancybox_sprite.png]
[cdn.shopify.com/s/files/1/0660/4893/t/6/assets/fancybox_loading.gif]
[cdn.shopify.com/s/files/1/0660/4893/t/6/assets/blank.gif]
[cdn.shopify.com/s/files/1/0660/4893/t/6/assets/fancybox_overlay.png]
[cdn.shopify.com/s/files/1/0660/4893/t/6/assets/fancybox_sprite@2x.png]
[cdn.shopify.com/s/files/1/0660/4893/t/6/assets/shopcfcd.js]
[cdn.shopify.com/s/files/1/0660/4893/t/6/assets/fancybox_loading@2x.gif]
[cdn.shopify.com/s/files/1/0660/4893/t/6/assets/jquery.fancyboxcfcd.css]
[cdn.shopify.com/s/files/1/0660/4893/t/6/assets/ico-selectd6f4.svg]
[cdn.shopify.com/s/files/1/0660/4893/t/6/assets/ajax-loaderd6f4.gif]
[cdn.shopify.com/s/files/1/0660/4893/t/6/assets/shop.scsscfcd.css]
[cdn.shopify.com/s/files/1/0660/4893/t/6/assets/custom.scsscfcd.css]
[cdn.shopify.com/s/files/1/0660/4893/t/6/assets/amplified-apparel-guitarist_croppedd6f4.jpg]
[cdn.shopify.com/s/files/1/0660/4893/t/6/assets/pages.scsscfcd.css]
[cdn.shopify.com/s/files/1/0660/4893/t/6/assets/discount-modal.scsscfcd.css]
[cdn.shopify.com/s/files/1/0660/4893/t/6/assets/fontscfcd.css]
[cdn.shopify.com/s/files/1/0660/4893/t/6/assets/fontawesome-webfont5b62.eot]
[cdn.shopify.com/s/files/1/0660/4893/t/6/assets/fontawesome-webfont5b62.woff2]
[cdn.shopify.com/s/files/1/0660/4893/t/6/assets/fontawesome-webfontd41d.eot]
[cdn.shopify.com/s/files/1/0660/4893/t/6/assets/fontawesome-webfont5b62.woff]
[cdn.shopify.com/s/files/1/0660/4893/t/6/assets/fontawesome-webfont5b62.ttf]
[cdn.shopify.com/s/files/1/0660/4893/t/6/assets/font-awesomecfcd.css]
[cdn-images.mailchimp.com/embedcode/horizontal-slim-10_7.css]
[amplifiedapparel.com/POST.64.delayed]
[connect.facebook.net/en_US/fbevents.js]
[cdn.shopify.com/s/files/1/0660/4893/t/6/assets/fontawesome-webfont5b62.svg]
[amplifiedapparel.com/collections/all.atom]
[amplifiedapparel.com/products/cupids-guitar-kids-leggings.html]
[cdn.shopify.com/s/files/1/0660/4893/products/mockup-f7297f77_larged26d.jpg]
[amplifiedapparel.com/products/cupids-guitar-leggings.html]
[cdn.shopify.com/s/files/1/0660/4893/products/cupids-guitar-leggings-mockup-grey_mockup_Front_High-heels_White_largeb95a.png]
[amplifiedapparel.com/products/cut-your-damn-strings-guitar-t-shirt.html]
[amplifiedapparel.com/products/electric-guitar-notes-t-shirt.html]
[amplifiedapparel.com/products/electric-guitar-tree-t-shirt.html]
[amplifiedapparel.com/products/groupies-wanted.html]
[amplifiedapparel.com/products/guitar-god-t-shirt.html]
[amplifiedapparel.com/products/howling-werewolf-electric-guitar-t-shirt.html]
[amplifiedapparel.com/products/i-was-gonna-go-to-work.html]
[cdn.shopify.com/s/files/1/0660/4893/products/life-is-short-rock-it-leggings-side-view-pink_large0d45.png]
[amplifiedapparel.com/products/life-is-short-rock-it-leggings.html]
[amplifiedapparel.com/products/guitar-does-the-talkin-electric-guitar-t-shirt.html]
[amplifiedapparel.com/products/no-soft-rock-t-shirt.html]
[amplifiedapparel.com/products/pick-it-pluck-it-strum-it-acoustic-guitar-t-shirt.html]
[amplifiedapparel.com/products/rock-god-electric-guitar-t-shirt.html]
[amplifiedapparel.com/products/rock-paper-scissors-t-shirt.html]
[amplifiedapparel.com/products/rock-star-eye-chart-guitar-t-shirt.html]
[amplifiedapparel.com/products/vintage-acoustic-guitar-t-shirt.html]
[amplifiedapparel.com/products/vintage-electric-guitar-t-shirt.html]
[amplifiedapparel.com/products/where-i-lay-my-guitar-is-home-t-shirt.html]
[amplifiedapparel.com/collections/all.html]
[cdn.shopify.com/s/files/1/0660/4893/t/6/assets/DCC-Ash.otf]
[amplifiedapparel.com/products/work-hard-rock-harder.html]
[amplifiedapparel.com/collections/all-t-shirts.html]
[amplifiedapparel.com/collections/all-t-shirts.atom]
[amplifiedapparel.com/collections/all-t-shirts.oembed]
[amplifiedapparel.com/collections/leggings.oembed]
[amplifiedapparel.com/collections/leggings/products/cupids-guitar-leggings.html]
[amplifiedapparel.com/collections/leggings.html]
[cdn.shopify.com/s/files/1/0660/4893/files/about-photo_55705a45-bcb6-4253-9f3f-3f0f912692cf_largec772.jpg]
[amplifiedapparel.com/pages/about-us.html]
[amplifiedapparel.com/pages/contact.html]
[amplifiedapparel.com/blogs/news.atom]
[amplifiedapparel.com/blogs/news4658.html]
[cdn.shopify.com/s/files/1/0660/4893/articles/life-is-short-rock-it-womens-leggings_1024x1024aa82.jpg]
[amplifiedapparel.com/blogs/news/new-womens-leggings-life-is-short-rock-it.html]
[cdn.shopify.com/s/files/1/0660/4893/articles/guitar-leggings-for-women-are-here_1024x1024dd7d.png]
[cdn.shopify.com/s/files/1/0660/4893/articles/october-2017-design-howling-werewolf_1024x1024199d.jpg]
[amplifiedapparel.com/blogs/news/october-electric-guitar-t-shirt-design-howling-werewolf.html]
[cdn.shopify.com/s/files/1/0660/4893/articles/september-2017-design-no-soft-rock_1024x102417b1.jpg]
[amplifiedapparel.com/blogs/news/september-guitar-t-shirt-design-no-soft-rock.html]
[amplifiedapparel.com/blogs/news/stevie-ray-vaughan-27-years-gone.html]
[cdn.shopify.com/s/files/1/0660/4893/articles/stevie-ray-vaughan-27-years-gone_1024x10247522.jpg]
[amplifiedapparel.com/blogs/news/tagged/allan-holdsworth.html]
[amplifiedapparel.com/blogs/news/tagged/blues.html]
[amplifiedapparel.com/blogs/news/tagged/blues-guitar.html]
[amplifiedapparel.com/blogs/news/tagged/guitar.html]
[amplifiedapparel.com/blogs/news/tagged/guitar-holder.html]
[amplifiedapparel.com/blogs/news/tagged/guitar-leggings.html]
[amplifiedapparel.com/blogs/news/tagged/guitar-leggings-designs.html]
[amplifiedapparel.com/blogs/news/tagged/guitar-stand.html]
[amplifiedapparel.com/blogs/news/tagged/guitarist.html]
[amplifiedapparel.com/blogs/news/tagged/hard-rock.html]
[amplifiedapparel.com/blogs/news/tagged/hearts.html]
[amplifiedapparel.com/blogs/news/tagged/howling-werewolf.html]
[amplifiedapparel.com/blogs/news/tagged/kickstarter.html]
[amplifiedapparel.com/blogs/news/tagged/leggings.html]
[amplifiedapparel.com/blogs/news/tagged/music-radar.html]
[amplifiedapparel.com/blogs/news/tagged/new-t-shirt-design.html]
[amplifiedapparel.com/blogs/news/tagged/no-soft-rock.html]
[amplifiedapparel.com/blogs/news/tagged/rock.html]
[amplifiedapparel.com/blogs/news/tagged/rock-life.html]
[amplifiedapparel.com/blogs/news/tagged/rock-music-leggings.html]
[amplifiedapparel.com/blogs/news/tagged/september-design.html]
[amplifiedapparel.com/blogs/news/tagged/steve-vai.html]
[amplifiedapparel.com/blogs/news/tagged/stevie-ray-vaughan.html]
[amplifiedapparel.com/blogs/news/tagged/stevie-ray-vaughan-and-double-trouble.html]
[amplifiedapparel.com/blogs/news/tagged/texas-blues.html]
[amplifiedapparel.com/blogs/news.html]
[amplifiedapparel.com/blogs/news/tagged/the-personal-guitar-workshop.html]
[cdn.shopify.com/s/assets/themes_support/shopify_common-8ea6ac3faf357236a97f5de749df4da6e8436ca107bc3a4ee805cbf08bc47392.js]
[amplifiedapparel.com/blogs/news/tagged/womens-leggings.html]
[amplifiedapparel.com/account/login.html]
[amplifiedapparel.com/cart.html]
[amplifiedapparel.com/account/register.html]
[cdn.shopify.com/s/assets/themes_support/option_selection-fe6b72c2bbdd3369ac0bfefe8648e3c889efca213baefd4cfb0dd9363563831f.js]
[cdn.shopify.com/s/files/1/0660/4893/products/life-is-short-rock-it-lifestyle-2-pink_grande0d45.png]
[cdn.shopify.com/s/files/1/0660/4893/products/life-is-short-rock-it-lifestyle-1-pink_grande0d45.png]
[cdn.shopify.com/s/files/1/0660/4893/products/life-is-short-rock-it-leggings-side-view-pink_grande0d45.png]
[amplifiedapparel.com/products/life-is-short-rock-it-leggings.oembed]
[cdn.shopify.com/s/files/1/0660/4893/products/life-is-short-rock-it-leggings-side-view-pink_1024x10240d45.png]
[cdn.shopify.com/s/files/1/0660/4893/products/life-is-short-rock-it-leggings-side-view-pink_compact0d45.png]
[cdn.shopify.com/s/files/1/0660/4893/products/life-is-short-rock-it-lifestyle-1-pink_large0d45.png]
[cdn.shopify.com/s/files/1/0660/4893/products/life-is-short-rock-it-lifestyle-1-pink_compact0d45.png]
[cdn.shopify.com/s/files/1/0660/4893/products/life-is-short-rock-it-lifestyle-2-pink_large0d45.png]
[cdn.shopify.com/s/files/1/0660/4893/products/life-is-short-rock-it-lifestyle-2-pink_compact0d45.png]
[cdn.shopify.com/s/files/1/0660/4893/products/life-is-short-rock-it-leggings-side-view-white_large0d45.png]
[cdn.shopify.com/s/files/1/0660/4893/products/life-is-short-rock-it-leggings-side-view-white_compact0d45.png]
[cdn.shopify.com/s/files/1/0660/4893/products/life-is-short-rock-it-lifestyle-1-guitar_large0d45.png]
[cdn.shopify.com/s/files/1/0660/4893/products/life-is-short-rock-it-lifestyle-1-guitar_compact0d45.png]
[cdn.shopify.com/s/files/1/0660/4893/products/life-is-short-rock-it-lifestyle-2-guitar_large0d45.png]
[cdn.shopify.com/s/files/1/0660/4893/products/life-is-short-rock-it-lifestyle-2-guitar_compact0d45.png]
[cdn.shopify.com/s/files/1/0660/4893/products/life-is-short-rock-it-leggings-side-view-blue_large0d45.png]
[cdn.shopify.com/s/files/1/0660/4893/products/life-is-short-rock-it-leggings-side-view-blue_compact0d45.png]
[cdn.shopify.com/s/files/1/0660/4893/products/life-is-short-rock-it-lifestyle-1-blue_large919b.png]
[cdn.shopify.com/s/files/1/0660/4893/products/life-is-short-rock-it-lifestyle-1-blue_compact919b.png]
[cdn.shopify.com/s/files/1/0660/4893/products/life-is-short-rock-it-lifestyle-2-blue_large6854.png]
[cdn.shopify.com/s/files/1/0660/4893/products/life-is-short-rock-it-lifestyle-2-blue_compact6854.png]
[cdn.shopify.com/s/files/1/0660/4893/t/3/assets/anvil-980-blue-angled05c0.png]
[amplifiedapparel.com/collections/leggings/products/life-is-short-rock-it-leggings.html]
[cdn.shopify.com/s/files/1/0660/4893/products/anvil-women-391-cut-your-damn-strings_grande4774.jpg]
[cdn.shopify.com/s/files/1/0660/4893/products/anvil-men-980-cut-your-damn-strings_grande4774.jpg]
[cdn.shopify.com/s/files/1/0660/4893/products/cut-your-damn-strings-480x480_grande4774.jpg]
[cdn.shopify.com/s/files/1/0660/4893/products/anvil-men-980-cut-your-damn-strings_1024x10244774.jpg]
[amplifiedapparel.com/products/cut-your-damn-strings-guitar-t-shirt.oembed]
[cdn.shopify.com/s/files/1/0660/4893/products/anvil-men-980-cut-your-damn-strings_large4774.jpg]
[cdn.shopify.com/s/files/1/0660/4893/products/cut-your-damn-strings-480x480_compact4774.jpg]
[cdn.shopify.com/s/files/1/0660/4893/products/anvil-men-980-cut-your-damn-strings_compact4774.jpg]
[cdn.shopify.com/s/files/1/0660/4893/products/anvil-women-391-cut-your-damn-strings_large4774.jpg]
[cdn.shopify.com/s/files/1/0660/4893/products/anvil-women-391-cut-your-damn-strings_compact4774.jpg]
[amplifiedapparel.com/collections/all-t-shirts/products/cut-your-damn-strings-guitar-t-shirt.html]
[cdn.shopify.com/s/files/1/0660/4893/products/anvil-women-391-guitar-notes_grande2dc7.jpg]
[cdn.shopify.com/s/files/1/0660/4893/products/anvil-men-980-guitar-notes_grande2dc7.jpg]
[cdn.shopify.com/s/files/1/0660/4893/products/guitar-notes_grande2dc7.jpg]
[cdn.shopify.com/s/files/1/0660/4893/products/anvil-men-980-guitar-notes_1024x10242dc7.jpg]
[amplifiedapparel.com/products/electric-guitar-notes-t-shirt.oembed]
[cdn.shopify.com/s/files/1/0660/4893/products/anvil-men-980-guitar-notes_large2dc7.jpg]
[cdn.shopify.com/s/files/1/0660/4893/products/guitar-notes_compact2dc7.jpg]
[cdn.shopify.com/s/files/1/0660/4893/products/anvil-men-980-guitar-notes_compact2dc7.jpg]
[cdn.shopify.com/s/files/1/0660/4893/products/anvil-women-391-guitar-notes_large2dc7.jpg]
[cdn.shopify.com/s/files/1/0660/4893/products/anvil-women-391-guitar-notes_compact2dc7.jpg]
[amplifiedapparel.com/collections/all-t-shirts/products/electric-guitar-notes-t-shirt.html]
[cdn.shopify.com/s/files/1/0660/4893/products/electric-guitar-tree-391-black_granded372.jpg]
[cdn.shopify.com/s/files/1/0660/4893/products/electric-guitar-tree-980-heather-dark-grey_granded372.jpg]
[cdn.shopify.com/s/files/1/0660/4893/products/electric-guitar-tree-t-shirt_granded372.jpg]
[amplifiedapparel.com/products/electric-guitar-tree-t-shirt.oembed]
[cdn.shopify.com/s/files/1/0660/4893/products/electric-guitar-tree-980-heather-dark-grey_1024x1024d372.jpg]
[cdn.shopify.com/s/files/1/0660/4893/products/electric-guitar-tree-980-heather-dark-grey_larged372.jpg]
[cdn.shopify.com/s/files/1/0660/4893/products/electric-guitar-tree-t-shirt_compactd372.jpg]
[cdn.shopify.com/s/files/1/0660/4893/products/electric-guitar-tree-980-heather-dark-grey_compactd372.jpg]
[cdn.shopify.com/s/files/1/0660/4893/products/electric-guitar-tree-391-black_larged372.jpg]
[cdn.shopify.com/s/files/1/0660/4893/products/electric-guitar-tree-391-black_compactd372.jpg]
[amplifiedapparel.com/collections/all-t-shirts/products/electric-guitar-tree-t-shirt.html]
[cdn.shopify.com/s/files/1/0660/4893/products/groupies-wanted-391-black_grandef40c.jpg]
[cdn.shopify.com/s/files/1/0660/4893/products/groupies-wanted-980-heather-dark-gray_grandef40c.jpg]
[cdn.shopify.com/s/files/1/0660/4893/products/groupies-wanted-t-shirt_grandef40c.jpg]
[cdn.shopify.com/s/files/1/0660/4893/products/groupies-wanted-980-heather-dark-gray_1024x1024f40c.jpg]
[amplifiedapparel.com/products/groupies-wanted.oembed]
[cdn.shopify.com/s/files/1/0660/4893/products/groupies-wanted-980-heather-dark-gray_largef40c.jpg]
[cdn.shopify.com/s/files/1/0660/4893/products/groupies-wanted-t-shirt_compactf40c.jpg]
[cdn.shopify.com/s/files/1/0660/4893/products/groupies-wanted-980-heather-dark-gray_compactf40c.jpg]
[cdn.shopify.com/s/files/1/0660/4893/products/groupies-wanted-391-black_largef40c.jpg]
[cdn.shopify.com/s/files/1/0660/4893/products/groupies-wanted-391-black_compactf40c.jpg]
[amplifiedapparel.com/collections/all-t-shirts/products/groupies-wanted.html]
[cdn.shopify.com/s/files/1/0660/4893/products/guitar-god-391-black_grandefbd0.jpg]
[cdn.shopify.com/s/files/1/0660/4893/products/guitar-god-980-black_grandefbd0.jpg]
[cdn.shopify.com/s/files/1/0660/4893/products/guitar-god-t-shirt_grandefbd0.jpg]
[cdn.shopify.com/s/files/1/0660/4893/products/guitar-god-980-black_1024x1024fbd0.jpg]
[amplifiedapparel.com/products/guitar-god-t-shirt.oembed]
[cdn.shopify.com/s/files/1/0660/4893/products/guitar-god-980-black_largefbd0.jpg]
[cdn.shopify.com/s/files/1/0660/4893/products/guitar-god-t-shirt_compactfbd0.jpg]
[cdn.shopify.com/s/files/1/0660/4893/products/guitar-god-980-black_compactfbd0.jpg]
[cdn.shopify.com/s/files/1/0660/4893/products/guitar-god-391-black_largefbd0.jpg]
[cdn.shopify.com/s/files/1/0660/4893/products/guitar-god-391-black_compactfbd0.jpg]
[amplifiedapparel.com/collections/all-t-shirts/products/guitar-god-t-shirt.html]
[cdn.shopify.com/s/files/1/0660/4893/products/howling-werewolf_391-black_grande98ef.jpg]
[cdn.shopify.com/s/files/1/0660/4893/products/howling-werewolf_980-dark-heather-gray_grande98ef.jpg]
[cdn.shopify.com/s/files/1/0660/4893/products/howling-werewolf_grande98ef.jpg]
[amplifiedapparel.com/products/howling-werewolf-electric-guitar-t-shirt.oembed]
[cdn.shopify.com/s/files/1/0660/4893/products/howling-werewolf_980-dark-heather-gray_1024x102498ef.jpg]
[cdn.shopify.com/s/files/1/0660/4893/products/howling-werewolf_980-dark-heather-gray_large98ef.jpg]
[cdn.shopify.com/s/files/1/0660/4893/products/howling-werewolf_compact98ef.jpg]
[cdn.shopify.com/s/files/1/0660/4893/products/howling-werewolf_980-dark-heather-gray_compact98ef.jpg]
[cdn.shopify.com/s/files/1/0660/4893/products/howling-werewolf_391-black_large98ef.jpg]
[cdn.shopify.com/s/files/1/0660/4893/products/howling-werewolf_391-black_compact98ef.jpg]
[amplifiedapparel.com/collections/all-t-shirts/products/howling-werewolf-electric-guitar-t-shirt.html]
[cdn.shopify.com/s/files/1/0660/4893/products/i-was-going-to-go-to-work-391-hot-pink_grande7044.jpg]
[cdn.shopify.com/s/files/1/0660/4893/products/i-was-going-to-go-to-work-980-heather-dark-gray_grande7044.jpg]
[cdn.shopify.com/s/files/1/0660/4893/products/i-was-going-to-go-to-work-guitar-t-shirt_grande7044.jpg]
[amplifiedapparel.com/products/i-was-gonna-go-to-work.oembed]
[cdn.shopify.com/s/files/1/0660/4893/products/i-was-going-to-go-to-work-980-heather-dark-gray_1024x10247044.jpg]
[cdn.shopify.com/s/files/1/0660/4893/products/i-was-going-to-go-to-work-980-heather-dark-gray_large7044.jpg]
[cdn.shopify.com/s/files/1/0660/4893/products/i-was-going-to-go-to-work-guitar-t-shirt_compact7044.jpg]
[cdn.shopify.com/s/files/1/0660/4893/products/i-was-going-to-go-to-work-980-heather-dark-gray_compact7044.jpg]
[cdn.shopify.com/s/files/1/0660/4893/products/i-was-going-to-go-to-work-391-hot-pink_large7044.jpg]
[cdn.shopify.com/s/files/1/0660/4893/products/i-was-going-to-go-to-work-391-hot-pink_compact7044.jpg]
[amplifiedapparel.com/collections/all-t-shirts/products/i-was-gonna-go-to-work.html]
[cdn.shopify.com/s/files/1/0660/4893/products/anvil-women-391-caribbean-blue-guitar-does-the-talkin_grande66c8.jpg]
[cdn.shopify.com/s/files/1/0660/4893/products/anvil-men-980-city-green-guitar-does-the-talkin_grande66c8.jpg]
[cdn.shopify.com/s/files/1/0660/4893/products/guitar-does-the-talkin-t-shirt_grande66c8.jpg]
[cdn.shopify.com/s/files/1/0660/4893/products/anvil-men-980-city-green-guitar-does-the-talkin_1024x102466c8.jpg]
[amplifiedapparel.com/products/guitar-does-the-talkin-electric-guitar-t-shirt.oembed]
[cdn.shopify.com/s/files/1/0660/4893/products/anvil-men-980-city-green-guitar-does-the-talkin_large66c8.jpg]
[cdn.shopify.com/s/files/1/0660/4893/products/guitar-does-the-talkin-t-shirt_compact66c8.jpg]
[cdn.shopify.com/s/files/1/0660/4893/products/anvil-men-980-city-green-guitar-does-the-talkin_compact66c8.jpg]
[cdn.shopify.com/s/files/1/0660/4893/products/anvil-women-391-caribbean-blue-guitar-does-the-talkin_large66c8.jpg]
[cdn.shopify.com/s/files/1/0660/4893/products/anvil-women-391-caribbean-blue-guitar-does-the-talkin_compact66c8.jpg]
[amplifiedapparel.com/collections/all-t-shirts/products/guitar-does-the-talkin-electric-guitar-t-shirt.html]
[cdn.shopify.com/s/files/1/0660/4893/products/anvil-women-391-no-soft-rock_grande07a3.jpg]
[cdn.shopify.com/s/files/1/0660/4893/products/anvil-men-980-no-soft-rock_grande07a3.jpg]
[cdn.shopify.com/s/files/1/0660/4893/products/no-soft-rock-guitar-t-shirt_grande07a3.jpg]
[cdn.shopify.com/s/files/1/0660/4893/products/anvil-men-980-no-soft-rock_1024x102407a3.jpg]
[amplifiedapparel.com/products/no-soft-rock-t-shirt.oembed]
[cdn.shopify.com/s/files/1/0660/4893/products/anvil-men-980-no-soft-rock_large07a3.jpg]
[cdn.shopify.com/s/files/1/0660/4893/products/no-soft-rock-guitar-t-shirt_compact07a3.jpg]
[cdn.shopify.com/s/files/1/0660/4893/products/anvil-men-980-no-soft-rock_compact07a3.jpg]
[cdn.shopify.com/s/files/1/0660/4893/products/anvil-women-391-no-soft-rock_large07a3.jpg]
[cdn.shopify.com/s/files/1/0660/4893/products/anvil-women-391-no-soft-rock_compact07a3.jpg]
[amplifiedapparel.com/collections/all-t-shirts/products/no-soft-rock-t-shirt.html]
[cdn.shopify.com/s/files/1/0660/4893/products/anvil-women-391-pick-it-pluck-it-strum-it_grande348e.jpg]
[cdn.shopify.com/s/files/1/0660/4893/products/anvil-men-980-pick-it-pluck-it-strum-it_grande348e.jpg]
[cdn.shopify.com/s/files/1/0660/4893/products/pick-it-pluck-it-strum-it-acoustic-guitar-t-shirt_grande348e.jpg]
[amplifiedapparel.com/products/pick-it-pluck-it-strum-it-acoustic-guitar-t-shirt.oembed]
[cdn.shopify.com/s/files/1/0660/4893/products/anvil-men-980-pick-it-pluck-it-strum-it_1024x1024348e.jpg]
[cdn.shopify.com/s/files/1/0660/4893/products/anvil-men-980-pick-it-pluck-it-strum-it_large348e.jpg]
[cdn.shopify.com/s/files/1/0660/4893/products/pick-it-pluck-it-strum-it-acoustic-guitar-t-shirt_compact348e.jpg]
[cdn.shopify.com/s/files/1/0660/4893/products/anvil-men-980-pick-it-pluck-it-strum-it_compact348e.jpg]
[cdn.shopify.com/s/files/1/0660/4893/products/anvil-women-391-pick-it-pluck-it-strum-it_large348e.jpg]
[cdn.shopify.com/s/files/1/0660/4893/products/anvil-women-391-pick-it-pluck-it-strum-it_compact348e.jpg]
[amplifiedapparel.com/collections/all-t-shirts/products/pick-it-pluck-it-strum-it-acoustic-guitar-t-shirt.html]
[cdn.shopify.com/s/files/1/0660/4893/products/anvil-women-391-black-rock-god-t-shirt_grande1d74.jpg]
[cdn.shopify.com/s/files/1/0660/4893/products/anvil-men-980-dark-heather-gray-rock-god-t-shirt_grande1d74.jpg]
[cdn.shopify.com/s/files/1/0660/4893/products/rock-god-guitar-t-shirt_grande1d74.jpg]
[cdn.shopify.com/s/files/1/0660/4893/products/anvil-men-980-dark-heather-gray-rock-god-t-shirt_1024x10241d74.jpg]
[amplifiedapparel.com/products/rock-god-electric-guitar-t-shirt.oembed]
[cdn.shopify.com/s/files/1/0660/4893/products/anvil-men-980-dark-heather-gray-rock-god-t-shirt_large1d74.jpg]
[cdn.shopify.com/s/files/1/0660/4893/products/rock-god-guitar-t-shirt_compact1d74.jpg]
[cdn.shopify.com/s/files/1/0660/4893/products/anvil-men-980-dark-heather-gray-rock-god-t-shirt_compact1d74.jpg]
[cdn.shopify.com/s/files/1/0660/4893/products/anvil-women-391-black-rock-god-t-shirt_large1d74.jpg]
[cdn.shopify.com/s/files/1/0660/4893/products/anvil-women-391-black-rock-god-t-shirt_compact1d74.jpg]
[amplifiedapparel.com/collections/all-t-shirts/products/rock-god-electric-guitar-t-shirt.html]
[cdn.shopify.com/s/files/1/0660/4893/products/anvil-women-391-rock-paper-scissors_grande1e46.jpg]
[cdn.shopify.com/s/files/1/0660/4893/products/anvil-men-980-rock-paper-scissors_grande1e46.jpg]
[cdn.shopify.com/s/files/1/0660/4893/products/rock-paper-scissors_grande1e46.jpg]
[cdn.shopify.com/s/files/1/0660/4893/products/anvil-men-980-rock-paper-scissors_1024x10241e46.jpg]
[amplifiedapparel.com/products/rock-paper-scissors-t-shirt.oembed]
[cdn.shopify.com/s/files/1/0660/4893/products/anvil-men-980-rock-paper-scissors_large1e46.jpg]
[cdn.shopify.com/s/files/1/0660/4893/products/rock-paper-scissors_compact1e46.jpg]
[cdn.shopify.com/s/files/1/0660/4893/products/anvil-men-980-rock-paper-scissors_compact1e46.jpg]
[cdn.shopify.com/s/files/1/0660/4893/products/anvil-women-391-rock-paper-scissors_large1e46.jpg]
[cdn.shopify.com/s/files/1/0660/4893/products/anvil-women-391-rock-paper-scissors_compact1e46.jpg]
[amplifiedapparel.com/collections/all-t-shirts/products/rock-paper-scissors-t-shirt.html]
[cdn.shopify.com/s/files/1/0660/4893/products/anvil-women-391-rock-star-eye-chart_grande592c.jpg]
[cdn.shopify.com/s/files/1/0660/4893/products/anvil-men-980-rock-star-eye-chart_grande592c.jpg]
[cdn.shopify.com/s/files/1/0660/4893/products/rock-star-eye-chart-guitar-t-shirt_grande592c.jpg]
[cdn.shopify.com/s/files/1/0660/4893/products/anvil-men-980-rock-star-eye-chart_1024x1024592c.jpg]
[amplifiedapparel.com/products/rock-star-eye-chart-guitar-t-shirt.oembed]
[cdn.shopify.com/s/files/1/0660/4893/products/anvil-men-980-rock-star-eye-chart_large592c.jpg]
[cdn.shopify.com/s/files/1/0660/4893/products/rock-star-eye-chart-guitar-t-shirt_compact592c.jpg]
[cdn.shopify.com/s/files/1/0660/4893/products/anvil-men-980-rock-star-eye-chart_compact592c.jpg]
[cdn.shopify.com/s/files/1/0660/4893/products/anvil-women-391-rock-star-eye-chart_large592c.jpg]
[cdn.shopify.com/s/files/1/0660/4893/products/anvil-women-391-rock-star-eye-chart_compact592c.jpg]
[amplifiedapparel.com/collections/all-t-shirts/products/rock-star-eye-chart-guitar-t-shirt.html]
[cdn.shopify.com/s/files/1/0660/4893/products/anvil-women-391-vintage-acoustic-guitar_18bf8e58-5a22-468a-9ec6-443ac0ed2090_grandef38d.jpg]
[cdn.shopify.com/s/files/1/0660/4893/products/anvil-men-980-vintage-acoustic-guitar_grandef38d.jpg]
[cdn.shopify.com/s/files/1/0660/4893/products/vintage-acoustic-guitar-t-shirt_grandef38d.jpg]
[amplifiedapparel.com/products/vintage-acoustic-guitar-t-shirt.oembed]
[cdn.shopify.com/s/files/1/0660/4893/products/anvil-men-980-vintage-acoustic-guitar_1024x1024f38d.jpg]
[cdn.shopify.com/s/files/1/0660/4893/products/anvil-men-980-vintage-acoustic-guitar_largef38d.jpg]
[cdn.shopify.com/s/files/1/0660/4893/products/vintage-acoustic-guitar-t-shirt_compactf38d.jpg]
[cdn.shopify.com/s/files/1/0660/4893/products/anvil-men-980-vintage-acoustic-guitar_compactf38d.jpg]
[cdn.shopify.com/s/files/1/0660/4893/products/anvil-women-391-vintage-acoustic-guitar_18bf8e58-5a22-468a-9ec6-443ac0ed2090_largef38d.jpg]
[cdn.shopify.com/s/files/1/0660/4893/products/anvil-women-391-vintage-acoustic-guitar_18bf8e58-5a22-468a-9ec6-443ac0ed2090_compactf38d.jpg]
[amplifiedapparel.com/collections/all-t-shirts/products/vintage-acoustic-guitar-t-shirt.html]
[cdn.shopify.com/s/files/1/0660/4893/products/vintage-electric-guitar-391-caribbean-blue_grande75fd.jpg]
[cdn.shopify.com/s/files/1/0660/4893/products/vintage-electric-guitar-980-navy_grande75fd.jpg]
[cdn.shopify.com/s/files/1/0660/4893/products/vintage-electric-guitar-t-shirt_grande75fd.jpg]
[amplifiedapparel.com/products/vintage-electric-guitar-t-shirt.oembed]
[cdn.shopify.com/s/files/1/0660/4893/products/vintage-electric-guitar-980-navy_1024x102475fd.jpg]
[cdn.shopify.com/s/files/1/0660/4893/products/vintage-electric-guitar-980-navy_large75fd.jpg]
[cdn.shopify.com/s/files/1/0660/4893/products/vintage-electric-guitar-t-shirt_compact75fd.jpg]
[cdn.shopify.com/s/files/1/0660/4893/products/vintage-electric-guitar-980-navy_compact75fd.jpg]
[cdn.shopify.com/s/files/1/0660/4893/products/vintage-electric-guitar-391-caribbean-blue_large75fd.jpg]
[cdn.shopify.com/s/files/1/0660/4893/products/vintage-electric-guitar-391-caribbean-blue_compact75fd.jpg]
[amplifiedapparel.com/collections/all-t-shirts/products/vintage-electric-guitar-t-shirt.html]
[cdn.shopify.com/s/files/1/0660/4893/products/where-i-lay-my-guitar-is-home-391-silver_grande2f1c.jpg]
[cdn.shopify.com/s/files/1/0660/4893/products/where-i-lay-my-guitar-is-home-980-heather-grey_grande9520.jpg]
[cdn.shopify.com/s/files/1/0660/4893/products/where-i-lay-my-guitar-is-home_grandeb33c.jpg]
[cdn.shopify.com/s/files/1/0660/4893/products/where-i-lay-my-guitar-is-home-980-heather-grey_1024x10249520.jpg]
[amplifiedapparel.com/products/where-i-lay-my-guitar-is-home-t-shirt.oembed]
[cdn.shopify.com/s/files/1/0660/4893/products/where-i-lay-my-guitar-is-home-980-heather-grey_large9520.jpg]
[cdn.shopify.com/s/files/1/0660/4893/products/where-i-lay-my-guitar-is-home_compactb33c.jpg]
[cdn.shopify.com/s/files/1/0660/4893/products/where-i-lay-my-guitar-is-home-980-heather-grey_compact9520.jpg]
[cdn.shopify.com/s/files/1/0660/4893/products/where-i-lay-my-guitar-is-home-391-silver_large2f1c.jpg]
[cdn.shopify.com/s/files/1/0660/4893/products/where-i-lay-my-guitar-is-home-391-silver_compact2f1c.jpg]
[amplifiedapparel.com/collections/all-t-shirts/products/where-i-lay-my-guitar-is-home-t-shirt.html]
[cdn.shopify.com/s/files/1/0660/4893/products/anvil-women-391-work-hard-rock-harder_grande4477.png]
[cdn.shopify.com/s/files/1/0660/4893/products/anvil-men-980-work-hard-rock-harder_grande4477.png]
[cdn.shopify.com/s/files/1/0660/4893/products/work-hard-rock-harder-480x480_grande4477.png]
[amplifiedapparel.com/products/work-hard-rock-harder.oembed]
[cdn.shopify.com/s/files/1/0660/4893/products/anvil-men-980-work-hard-rock-harder_1024x10244477.png]
[cdn.shopify.com/s/files/1/0660/4893/products/anvil-men-980-work-hard-rock-harder_large4477.png]
[cdn.shopify.com/s/files/1/0660/4893/products/work-hard-rock-harder-480x480_compact4477.png]
[cdn.shopify.com/s/files/1/0660/4893/products/anvil-men-980-work-hard-rock-harder_compact4477.png]
[cdn.shopify.com/s/files/1/0660/4893/products/anvil-women-391-work-hard-rock-harder_large4477.png]
[cdn.shopify.com/s/files/1/0660/4893/products/anvil-women-391-work-hard-rock-harder_compact4477.png]
[amplifiedapparel.com/collections/all-t-shirts/products/work-hard-rock-harder.html]
[amplifiedapparel.com/collections/acoustic-guitar.html]
[amplifiedapparel.com/collections/acoustic-guitar/products/pick-it-pluck-it-strum-it-acoustic-guitar-t-shirt.html]
[amplifiedapparel.com/collections/acoustic-guitar/products/vintage-acoustic-guitar-t-shirt.html]
[amplifiedapparel.com/collections/acoustic-guitar-t-shirts.html]
[amplifiedapparel.com/collections/acoustic-guitar-t-shirts/products/cut-your-damn-strings-guitar-t-shirt.html]
[amplifiedapparel.com/collections/acoustic-guitar-t-shirts/products/guitar-god-t-shirt.html]
[amplifiedapparel.com/collections/acoustic-guitar-t-shirts/products/pick-it-pluck-it-strum-it-acoustic-guitar-t-shirt.html]
[cdn.shopify.com/s/files/1/0660/4893/collections/anvil-men-980-no-soft-rock_large17eb.jpg]
[amplifiedapparel.com/collections/acoustic-guitar-t-shirts/products/rock-star-eye-chart-guitar-t-shirt.html]
[amplifiedapparel.com/collections/bands.html]
[amplifiedapparel.com/collections/bands/products/groupies-wanted.html]
[amplifiedapparel.com/collections/electric-guitar.html]
[amplifiedapparel.com/collections/electric-guitar/products/cupids-guitar-kids-leggings.html]
[amplifiedapparel.com/collections/electric-guitar/products/cupids-guitar-leggings.html]
[amplifiedapparel.com/collections/electric-guitar/products/electric-guitar-notes-t-shirt.html]
[amplifiedapparel.com/collections/electric-guitar/products/electric-guitar-tree-t-shirt.html]
[amplifiedapparel.com/collections/electric-guitar-t-shirts.html]
[amplifiedapparel.com/collections/electric-guitar-t-shirts/products/cupids-guitar-leggings.html]
[amplifiedapparel.com/collections/electric-guitar-t-shirts/products/cut-your-damn-strings-guitar-t-shirt.html]
[amplifiedapparel.com/collections/electric-guitar-t-shirts/products/electric-guitar-notes-t-shirt.html]
[amplifiedapparel.com/collections/guitar-t-shirts.html]
[amplifiedapparel.com/collections/guitar-t-shirts-for-men/products/cut-your-damn-strings-guitar-t-shirt.html]
[cdn.shopify.com/s/files/1/0660/4893/collections/placeit_largea8b7.png]
[amplifiedapparel.com/collections/guitar-t-shirts-for-men/products/electric-guitar-tree-t-shirt.html]
[cdn.shopify.com/s/assets/no-image-2048-5e88c1b20e087fb7bbe9a3771824e743c244f437e4f8ba93bbf7b11b53f7824c_large.gif]
[amplifiedapparel.com/collections.html]
[amplifiedapparel.com/pages/frequently-asked-questions.html]
[cdn.shopify.com/s/files/1/0660/4893/t/3/assets/anvil-391-grey-angled05c0.png]
[cdn.shopify.com/s/files/1/0660/4893/t/6/assets/leggings0cf1.jpg]
[cdn.shopify.com/s/files/1/0660/4893/t/6/assets/leggings-kids4411.jpg]
[amplifiedapparel.com/pages/size-charts.html]
[amplifiedapparel.com/pages/return-policy.html]
[amplifiedapparel.com/pages/privacy-policy.html]
[cdn.shopify.com/s/files/1/0660/4893/t/6/assets/ico-selectd6f4.svg]
[cdn.shopify.com/s/files/1/0660/4893/t/6/assets/fontawesome-webfont5b62.svg]
[amplifiedapparel.com/POST.html]
[cdn.shopify.com/s/files/1/0660/4893/products/mockup-0d7b80e5_granded26d.jpg]
[cdn.shopify.com/s/files/1/0660/4893/products/mockup-c7eac359_granded26d.jpg]
[cdn.shopify.com/s/files/1/0660/4893/products/mockup-f7297f77_granded26d.jpg]
[cdn.shopify.com/s/files/1/0660/4893/products/mockup-f7297f77_1024x1024d26d.jpg]
[amplifiedapparel.com/products/cupids-guitar-kids-leggings.oembed]
[cdn.shopify.com/s/files/1/0660/4893/products/mockup-f7297f77_compactd26d.jpg]
[cdn.shopify.com/s/files/1/0660/4893/products/mockup-c7eac359_larged26d.jpg]
[cdn.shopify.com/s/files/1/0660/4893/products/mockup-c7eac359_compactd26d.jpg]
[cdn.shopify.com/s/files/1/0660/4893/products/mockup-0d7b80e5_larged26d.jpg]
[cdn.shopify.com/s/files/1/0660/4893/products/mockup-0d7b80e5_compactd26d.jpg]
[cdn.shopify.com/s/files/1/0660/4893/products/mockup-7383932d_larged26d.jpg]
[cdn.shopify.com/s/files/1/0660/4893/products/mockup-7383932d_compactd26d.jpg]
[cdn.shopify.com/s/files/1/0660/4893/products/cupids-guitar_larged26d.png]
[cdn.shopify.com/s/files/1/0660/4893/products/cupids-guitar_compactd26d.png]
[amplifiedapparel.com/products/cupids-guitar-kids-leggings.html]
[cdn.shopify.com/s/files/1/0660/4893/products/cupids-guitar-leggings-mockup-grey_mockup_Left_High-heels_White_grandeb95a.png]
[amplifiedapparel.com/collections/electric-guitar/products/guitar-does-the-talkin-electric-guitar-t-shirt.html]
[cdn.shopify.com/s/files/1/0660/4893/products/cupids-guitar-leggings-mockup-grey_mockup_Back_High-heels_White_grandeb95a.png]
[cdn.shopify.com/s/files/1/0660/4893/products/cupids-guitar-leggings-mockup-grey_mockup_Front_High-heels_White_grandeb95a.png]
[cdn.shopify.com/s/files/1/0660/4893/products/cupids-guitar-leggings-mockup-grey_mockup_Front_High-heels_White_1024x1024b95a.png]
[amplifiedapparel.com/products/cupids-guitar-leggings.oembed]
[cdn.shopify.com/s/files/1/0660/4893/products/cupids-guitar-leggings-mockup-grey_mockup_Front_High-heels_White_compactb95a.png]
[cdn.shopify.com/s/files/1/0660/4893/products/cupids-guitar-leggings-mockup-grey_mockup_Back_High-heels_White_largeb95a.png]
[cdn.shopify.com/s/files/1/0660/4893/products/cupids-guitar-leggings-mockup-grey_mockup_Back_High-heels_White_compactb95a.png]
[cdn.shopify.com/s/files/1/0660/4893/products/cupids-guitar-leggings-mockup-grey_mockup_Left_High-heels_White_largeb95a.png]
[cdn.shopify.com/s/files/1/0660/4893/products/cupids-guitar-leggings-mockup-grey_mockup_Left_High-heels_White_compactb95a.png]
[cdn.shopify.com/s/files/1/0660/4893/products/cupids-guitar-leggings-mockup-grey_mockup_Right_High-heels_White_largeb95a.png]
[cdn.shopify.com/s/files/1/0660/4893/products/cupids-guitar-leggings-mockup-grey_mockup_Right_High-heels_White_compactb95a.png]
[cdn.shopify.com/s/files/1/0660/4893/products/placeit_largeb95a.png]
[cdn.shopify.com/s/files/1/0660/4893/products/placeit_compactb95a.png]
[cdn.shopify.com/s/files/1/0660/4893/products/cupids-guitar_ce9458aa-99b3-46e7-ac03-301cba6aed15_largeb95a.png]
[cdn.shopify.com/s/files/1/0660/4893/products/cupids-guitar_ce9458aa-99b3-46e7-ac03-301cba6aed15_compactb95a.png]
[amplifiedapparel.com/products/cupids-guitar-leggings.html]
[amplifiedapparel.com/products/cut-your-damn-strings-guitar-t-shirt.html]
[amplifiedapparel.com/products/electric-guitar-notes-t-shirt.html]
[amplifiedapparel.com/products/electric-guitar-tree-t-shirt.html]
[amplifiedapparel.com/products/groupies-wanted.html]
[amplifiedapparel.com/products/guitar-god-t-shirt.html]
[amplifiedapparel.com/products/howling-werewolf-electric-guitar-t-shirt.html]
[amplifiedapparel.com/products/i-was-gonna-go-to-work.html]
[amplifiedapparel.com/products/life-is-short-rock-it-leggings.html]
[amplifiedapparel.com/products/guitar-does-the-talkin-electric-guitar-t-shirt.html]
[amplifiedapparel.com/products/no-soft-rock-t-shirt.html]
[amplifiedapparel.com/products/pick-it-pluck-it-strum-it-acoustic-guitar-t-shirt.html]
[amplifiedapparel.com/products/rock-god-electric-guitar-t-shirt.html]
[amplifiedapparel.com/products/rock-paper-scissors-t-shirt.html]
[amplifiedapparel.com/products/rock-star-eye-chart-guitar-t-shirt.html]
[amplifiedapparel.com/products/vintage-acoustic-guitar-t-shirt.html]
[amplifiedapparel.com/products/vintage-electric-guitar-t-shirt.html]
[amplifiedapparel.com/products/where-i-lay-my-guitar-is-home-t-shirt.html]
[amplifiedapparel.com/products/work-hard-rock-harder.html]
[amplifiedapparel.com/collections/leggings-2.html]
[amplifiedapparel.com/collections/leggings/products/cupids-guitar-leggings.html]
[amplifiedapparel.com/collections/leggings/products/cupids-guitar-kids-leggings.html]
[amplifiedapparel.com/collections/acoustic-guitar-t-shirts/products/vintage-acoustic-guitar-t-shirt.html]
[amplifiedapparel.com/blogs/news2679.html]
[amplifiedapparel.com/blogs/news/the-personal-guitar-workshop.html]
[cdn.shopify.com/s/files/1/0660/4893/articles/the-personal-guitar-workshop_1024x1024e36f.jpg]
[amplifiedapparel.com/blogs/news4658.html]
[cdn.shopify.com/s/files/1/0660/4893/articles/steve-vai-allan-holdsworth-20170824_d23f4643-1ce3-4893-bcf0-eb0ca9f7205d_1024x10241042.jpg]
[amplifiedapparel.com/blogs/news/steve-vai-who-i-think-is-the-greatest-guitarist-of-all-time.html]
[amplifiedapparel.com/blogs/news/new-womens-leggings-life-is-short-rock-it.html]
[amplifiedapparel.com/blogs/news/cupids-guitar-leggings-for-women.html]
[amplifiedapparel.com/blogs/news/october-electric-guitar-t-shirt-design-howling-werewolf.html]
[amplifiedapparel.com/blogs/news/september-guitar-t-shirt-design-no-soft-rock.html]
[amplifiedapparel.com/blogs/news/stevie-ray-vaughan-27-years-gone.html]
[amplifiedapparel.com/blogs/news/tagged/allan-holdsworth.html]
[amplifiedapparel.com/blogs/news/tagged/allan-holdsworth.atom]
[amplifiedapparel.com/blogs/news/tagged/blues.html]
[amplifiedapparel.com/blogs/news/tagged/blues.atom]
[amplifiedapparel.com/blogs/news/tagged/blues-guitar.html]
[amplifiedapparel.com/blogs/news/tagged/blues-guitar.atom]
[amplifiedapparel.com/blogs/news/tagged/guitar.html]
[amplifiedapparel.com/blogs/news/tagged/guitar.atom]
[amplifiedapparel.com/blogs/news/tagged/guitar-holder.html]
[amplifiedapparel.com/blogs/news/tagged/guitar-holder.atom]
[amplifiedapparel.com/blogs/news/tagged/guitar-leggings.html]
[amplifiedapparel.com/blogs/news/tagged/guitar-leggings.atom]
[amplifiedapparel.com/blogs/news/tagged/guitar-leggings-designs.html]
[amplifiedapparel.com/blogs/news/tagged/guitar-leggings-designs.atom]
[amplifiedapparel.com/blogs/news/tagged/guitar-stand.html]
[amplifiedapparel.com/blogs/news/tagged/guitar-stand.atom]
[amplifiedapparel.com/blogs/news/tagged/guitarist.html]
[amplifiedapparel.com/blogs/news/tagged/guitarist.atom]
[amplifiedapparel.com/blogs/news/tagged/hard-rock.html]
[amplifiedapparel.com/blogs/news/tagged/hard-rock.atom]
[amplifiedapparel.com/blogs/news/tagged/hearts.html]
[amplifiedapparel.com/blogs/news/tagged/hearts.atom]
[amplifiedapparel.com/blogs/news/tagged/howling-werewolf.html]
[amplifiedapparel.com/blogs/news/tagged/howling-werewolf.atom]
[amplifiedapparel.com/blogs/news/tagged/kickstarter.html]
[amplifiedapparel.com/blogs/news/tagged/leggings.html]
[amplifiedapparel.com/blogs/news/tagged/music-radar.html]
[amplifiedapparel.com/blogs/news/tagged/new-t-shirt-design.html]
[amplifiedapparel.com/blogs/news/tagged/no-soft-rock.html]
[amplifiedapparel.com/blogs/news/tagged/rock.html]
[amplifiedapparel.com/blogs/news/tagged/rock-life.html]
[amplifiedapparel.com/blogs/news/tagged/rock-music-leggings.html]
[amplifiedapparel.com/blogs/news/tagged/september-design.html]
[amplifiedapparel.com/blogs/news/tagged/steve-vai.html]
[amplifiedapparel.com/blogs/news/tagged/stevie-ray-vaughan.html]
[amplifiedapparel.com/blogs/news/tagged/stevie-ray-vaughan-and-double-trouble.html]
[amplifiedapparel.com/blogs/news/tagged/stevie-ray-vaughan-and-double-trouble.atom]
[amplifiedapparel.com/blogs/news/tagged/texas-blues.html]
[amplifiedapparel.com/blogs/news/tagged/texas-blues.atom]
[amplifiedapparel.com/blogs/news/tagged/the-personal-guitar-workshop.html]
[amplifiedapparel.com/blogs/news/tagged/womens-leggings.html]
[amplifiedapparel.com/account/register.html]
[pinterest.com/pin/create/button/indexad10.html]
[pinterest.com/pin/create/button/index0e97.html]
[pinterest.com/pin/create/button/indexb750.html]
[pinterest.com/pin/create/button/index5a04.html]
[pinterest.com/pin/create/button/indexf620.html]
[pinterest.com/pin/create/button/index2a4c.html]
[pinterest.com/pin/create/button/index11e6.html]
[pinterest.com/pin/create/button/index559f.html]
[pinterest.com/pin/create/button/index3337.html]
[pinterest.com/pin/create/button/index48f8.html]
[pinterest.com/pin/create/button/index25ae.html]
[pinterest.com/pin/create/button/index175a.html]
[pinterest.com/pin/create/button/indexfd3e.html]
[pinterest.com/pin/create/button/index6f3f.html]
[pinterest.com/pin/create/button/index61e5.html]
[pinterest.com/pin/create/button/index1bc6.html]
[pinterest.com/pin/create/button/indexaa00.html]
[pinterest.com/pin/create/button/indexe20d.html]
[amplifiedapparel.com/collections/acoustic-guitar.atom]
[amplifiedapparel.com/collections/acoustic-guitar.html]
[amplifiedapparel.com/collections/acoustic-guitar/products/pick-it-pluck-it-strum-it-acoustic-guitar-t-shirt.html]
[amplifiedapparel.com/collections/acoustic-guitar/products/vintage-acoustic-guitar-t-shirt.html]
[amplifiedapparel.com/collections/acoustic-guitar.oembed]
[amplifiedapparel.com/collections/acoustic-guitar-t-shirts.atom]
[amplifiedapparel.com/collections/acoustic-guitar-t-shirts.html]
[amplifiedapparel.com/collections/acoustic-guitar-t-shirts/products/cut-your-damn-strings-guitar-t-shirt.html]
[amplifiedapparel.com/collections/acoustic-guitar-t-shirts/products/guitar-god-t-shirt.html]
[amplifiedapparel.com/collections/acoustic-guitar-t-shirts/products/pick-it-pluck-it-strum-it-acoustic-guitar-t-shirt.html]
[amplifiedapparel.com/collections/acoustic-guitar-t-shirts/products/rock-star-eye-chart-guitar-t-shirt.html]
[amplifiedapparel.com/collections/bands.html]
[amplifiedapparel.com/collections/bands/products/groupies-wanted.html]
[amplifiedapparel.com/collections/electric-guitar.html]
[amplifiedapparel.com/collections/electric-guitar/products/cupids-guitar-kids-leggings.html]
[amplifiedapparel.com/collections/electric-guitar/products/cupids-guitar-leggings.html]
[amplifiedapparel.com/collections/electric-guitar/products/electric-guitar-notes-t-shirt.html]
[amplifiedapparel.com/collections/electric-guitar/products/electric-guitar-tree-t-shirt.html]
[amplifiedapparel.com/collections/electric-guitar-t-shirts/products/howling-werewolf-electric-guitar-t-shirt.html]
[amplifiedapparel.com/collections/electric-guitar-t-shirts/products/guitar-does-the-talkin-electric-guitar-t-shirt.html]
[amplifiedapparel.com/collections/electric-guitar-t-shirts/products/rock-star-eye-chart-guitar-t-shirt.html]
[amplifiedapparel.com/collections/electric-guitar-t-shirts/products/where-i-lay-my-guitar-is-home-t-shirt.html]
[amplifiedapparel.com/collections/electric-guitar-t-shirts.html]
[amplifiedapparel.com/collections/electric-guitar-t-shirts/products/cupids-guitar-leggings.html]
[amplifiedapparel.com/collections/electric-guitar-t-shirts/products/cut-your-damn-strings-guitar-t-shirt.html]
[amplifiedapparel.com/collections/electric-guitar-t-shirts/products/electric-guitar-notes-t-shirt.html]
[amplifiedapparel.com/collections/electric-guitar-t-shirts/products/electric-guitar-tree-t-shirt.html]
[amplifiedapparel.com/collections/guitar-t-shirts.atom]
[amplifiedapparel.com/collections/guitar-t-shirts/products/pick-it-pluck-it-strum-it-acoustic-guitar-t-shirt.html]
[amplifiedapparel.com/collections/guitar-t-shirts/products/rock-god-electric-guitar-t-shirt.html]
[amplifiedapparel.com/collections/guitar-t-shirts/products/rock-star-eye-chart-guitar-t-shirt.html]
[amplifiedapparel.com/collections/guitar-t-shirts.html]
[amplifiedapparel.com/collections/guitar-t-shirts/products/cupids-guitar-leggings.html]
[amplifiedapparel.com/collections/guitar-t-shirts/products/cut-your-damn-strings-guitar-t-shirt.html]
[amplifiedapparel.com/collections/guitar-t-shirts/products/electric-guitar-notes-t-shirt.html]
[amplifiedapparel.com/collections/guitar-t-shirts/products/electric-guitar-tree-t-shirt.html]
[amplifiedapparel.com/collections/guitar-t-shirts-for-men.html]
[amplifiedapparel.com/collections/guitar-t-shirts-for-men/products/cupids-guitar-leggings.html]
[amplifiedapparel.com/collections/guitar-t-shirts-for-men/products/cut-your-damn-strings-guitar-t-shirt.html]
[amplifiedapparel.com/collections/guitar-t-shirts-for-men/products/electric-guitar-notes-t-shirt.html]
[amplifiedapparel.com/collections/guitar-t-shirts-for-men/products/electric-guitar-tree-t-shirt.html]
[amplifiedapparel.com/collections/guitar-t-shirt-sale.html]
[pinterest.com/pin/create/button/indexbb6c.html]
[amplifiedapparel.com/collections/electric-guitar/products/guitar-does-the-talkin-electric-guitar-t-shirt.html]
[pinterest.com/pin/create/button/index2ca4.html]
[amplifiedapparel.com/collections/acoustic-guitar-t-shirts/products/vintage-acoustic-guitar-t-shirt.html]
[amplifiedapparel.com/blogs/news2679.html]
[amplifiedapparel.com/blogs/news/the-personal-guitar-workshop.html]
[amplifiedapparel.com/blogs/news/steve-vai-who-i-think-is-the-greatest-guitarist-of-all-time.html]
[amplifiedapparel.com/blogs/news/tagged/kickstarter-2.html]
[amplifiedapparel.com/blogs/news/tagged/leggings-2.html]
[amplifiedapparel.com/blogs/news/tagged/music-radar-2.html]
[amplifiedapparel.com/blogs/news/tagged/new-t-shirt-design-2.html]
[amplifiedapparel.com/blogs/news/tagged/no-soft-rock-2.html]
[amplifiedapparel.com/blogs/news/tagged/rock-2.html]
[amplifiedapparel.com/blogs/news/tagged/rock-life-2.html]
[amplifiedapparel.com/blogs/news/tagged/rock-music-leggings-2.html]
[amplifiedapparel.com/blogs/news/tagged/september-design-2.html]
[amplifiedapparel.com/blogs/news/tagged/steve-vai-2.html]
[amplifiedapparel.com/blogs/news/tagged/stevie-ray-vaughan-2.html]
[amplifiedapparel.com/blogs/news/tagged/the-personal-guitar-workshop-2.html]
[amplifiedapparel.com/blogs/news/tagged/womens-leggings-2.html]
[pinterest.com/pin/create/button/indexe84f.html]
[pinterest.com/pin/create/button/index0285.html]
[pinterest.com/pin/create/button/index21a2.html]
[pinterest.com/pin/create/button/index307d.html]
[pinterest.com/pin/create/button/index9b6c.html]
[pinterest.com/pin/create/button/indexd5f1.html]
[pinterest.com/pin/create/button/indexc501.html]
[pinterest.com/pin/create/button/indexfe01.html]
[pinterest.com/pin/create/button/index21d7.html]
[pinterest.com/pin/create/button/indexbee2.html]
[pinterest.com/pin/create/button/indexc36b.html]
[pinterest.com/pin/create/button/indexb2b6.html]
[pinterest.com/pin/create/button/indexb6ce.html]
[pinterest.com/pin/create/button/index4539.html]
[pinterest.com/pin/create/button/index4c40.html]
[pinterest.com/pin/create/button/indexdb29.html]
[pinterest.com/pin/create/button/indexb63a.html]
[pinterest.com/pin/create/button/indexc281.html]
[amplifiedapparel.com/collections/acoustic-guitar-t-shirts-2.html]
[amplifiedapparel.com/collections/acoustic-guitar-t-shirts/products/where-i-lay-my-guitar-is-home-t-shirt.html]
[amplifiedapparel.com/collections/bands-2.html]
[amplifiedapparel.com/collections/bands-3.html]
[amplifiedapparel.com/collections/electric-guitar-2.html]
[amplifiedapparel.com/collections/electric-guitar-3.html]
[amplifiedapparel.com/collections/electric-guitar/products/rock-god-electric-guitar-t-shirt.html]
[amplifiedapparel.com/collections/electric-guitar/products/rock-star-eye-chart-guitar-t-shirt.html]
[amplifiedapparel.com/collections/electric-guitar/products/vintage-electric-guitar-t-shirt.html]
[amplifiedapparel.com/collections/electric-guitar-t-shirts-2.html]
[amplifiedapparel.com/collections/electric-guitar-t-shirts-3.html]
[amplifiedapparel.com/collections/electric-guitar-t-shirts/products/guitar-god-t-shirt.html]
[amplifiedapparel.com/collections/electric-guitar-t-shirts/products/howling-werewolf-electric-guitar-t-shirt.html]
[amplifiedapparel.com/collections/electric-guitar-t-shirts/products/guitar-does-the-talkin-electric-guitar-t-shirt.html]
[amplifiedapparel.com/collections/electric-guitar-t-shirts/products/rock-god-electric-guitar-t-shirt.html]
[amplifiedapparel.com/collections/electric-guitar-t-shirts/products/rock-star-eye-chart-guitar-t-shirt.html]
[amplifiedapparel.com/collections/electric-guitar-t-shirts/products/vintage-electric-guitar-t-shirt.html]
[amplifiedapparel.com/collections/electric-guitar-t-shirts/products/where-i-lay-my-guitar-is-home-t-shirt.html]
[amplifiedapparel.com/collections/electric-guitar-t-shirts/products/work-hard-rock-harder.html]
[amplifiedapparel.com/collections/guitar-t-shirts-2.html]
[amplifiedapparel.com/collections/guitar-t-shirts/products/groupies-wanted.html]
[amplifiedapparel.com/collections/guitar-t-shirts/products/guitar-god-t-shirt.html]
[amplifiedapparel.com/collections/guitar-t-shirts/products/howling-werewolf-electric-guitar-t-shirt.html]
[amplifiedapparel.com/collections/guitar-t-shirts/products/i-was-gonna-go-to-work.html]
[amplifiedapparel.com/collections/guitar-t-shirts/products/guitar-does-the-talkin-electric-guitar-t-shirt.html]
[amplifiedapparel.com/collections/guitar-t-shirts/products/no-soft-rock-t-shirt.html]
[amplifiedapparel.com/collections/guitar-t-shirts/products/pick-it-pluck-it-strum-it-acoustic-guitar-t-shirt.html]
[amplifiedapparel.com/collections/guitar-t-shirts/products/rock-god-electric-guitar-t-shirt.html]
[amplifiedapparel.com/collections/guitar-t-shirts/products/rock-paper-scissors-t-shirt.html]
[amplifiedapparel.com/collections/guitar-t-shirts/products/rock-star-eye-chart-guitar-t-shirt.html]
[amplifiedapparel.com/collections/guitar-t-shirts/products/vintage-acoustic-guitar-t-shirt.html]
[amplifiedapparel.com/collections/guitar-t-shirts/products/vintage-electric-guitar-t-shirt.html]
[amplifiedapparel.com/collections/guitar-t-shirts/products/where-i-lay-my-guitar-is-home-t-shirt.html]
[amplifiedapparel.com/collections/guitar-t-shirts/products/work-hard-rock-harder.html]
[amplifiedapparel.com/collections/guitar-t-shirts-for-men/products/guitar-god-t-shirt.html]
[pinterest.com/pin/create/button/index3659.html]
[pinterest.com/pin/create/button/index6c23.html]
